C51 COMPILER V9.59.0.0   4X4_HEXKEY_PAD_NUMBER_MAIN                                        11/19/2023 23:28:32 PAGE 1   


C51 COMPILER V9.59.0.0, COMPILATION OF MODULE 4X4_HEXKEY_PAD_NUMBER_MAIN
OBJECT MODULE PLACED IN .\Objects\4X4_Hexkey_Pad_number_main.obj
COMPILER INVOKED BY: C:\Keil_v5\C51\BIN\C51.EXE 4X4_Hexkey_Pad_number_main.c OPTIMIZE(8,SPEED) BROWSE DEBUG OBJECTEXTEND
                    - PRINT(.\Listings\4X4_Hexkey_Pad_number_main.lst) TABS(2) OBJECT(.\Objects\4X4_Hexkey_Pad_number_main.obj)

line level    source

   1          //including header files
   2          #include<reg51.h>
   3          #include"4X4_Hexkey_Pad_number.h"
   4          
   5          //main funcation
   6          void main()
   7          {
   8   1        //decleration and initi. of local variables
   9   1        unsigned int segment_data[16] = {0x3F, 0x06, 0x5B, 0x4F, 0x66, 0x6D, 0x7D, 0x07, 0x7F, 0x6F, 0x77, 0x7C,0
             -x39,0x5E,0x79, 0x71};
  10   1        P1 = 0x00;
  11   1        P2 = 0xFF;
  12   1        
  13   1        //forever loop
  14   1        while(1)                                    //or we can use for(;;)
  15   1        {
  16   2          P1 = segment_data[hexkeyPad()];           //the return value of hexkeyPad funcation will work as index value 
             -of segment_data
  17   2                                                    //which is again assign to the port 1 where our 7 segment CC is connected
  18   2        }
  19   1      }


MODULE INFORMATION:   STATIC OVERLAYABLE
   CODE SIZE        =     40    ----
   CONSTANT SIZE    =     32    ----
   XDATA SIZE       =   ----    ----
   PDATA SIZE       =   ----    ----
   DATA SIZE        =   ----      32
   IDATA SIZE       =   ----    ----
   BIT SIZE         =   ----    ----
END OF MODULE INFORMATION.


C51 COMPILATION COMPLETE.  0 WARNING(S),  0 ERROR(S)
