C51 COMPILER V9.59.0.0   4X4_HEXKEY_PAD_NUMBER_SWITCHCASE_LCD_MAIN                         11/20/2023 02:01:32 PAGE 1   


C51 COMPILER V9.59.0.0, COMPILATION OF MODULE 4X4_HEXKEY_PAD_NUMBER_SWITCHCASE_LCD_MAIN
OBJECT MODULE PLACED IN .\Objects\4X4_Hexkey_Pad_number_Switchcase_LCD_main.obj
COMPILER INVOKED BY: C:\Keil_v5\C51\BIN\C51.EXE 4X4_Hexkey_Pad_number_Switchcase_LCD_main.c OPTIMIZE(8,SPEED) BROWSE DEB
                    -UG OBJECTEXTEND PRINT(.\Listings\4X4_Hexkey_Pad_number_Switchcase_LCD_main.lst) TABS(2) OBJECT(.\Objects\4X4_Hexkey_Pad_
                    -number_Switchcase_LCD_main.obj)

line level    source

   1          #include<reg51.h>
   2          #include"lcd_8bit.h"
   3          #include"4X4_Hexkey_Pad_number.h"
   4          
   5          
   6          void main()
   7          {
   8   1        unsigned int ascii_value[16] = {48,49,50,51,52,53,54,55,56,57,65,66,67,68,69,70}, show;
   9   1        
  10   1        init();
  11   1        LCD_cmd(0x80);
  12   1        LCD_string("HKP value: ");
  13   1        LCD_cmd(0xC0);
  14   1        LCD_string("Aditya Nijave");
  15   1        while(1)
  16   1        {
  17   2          
  18   2          show = ascii_value[hexkeyPad()];
  19   2          LCD_cmd(0x8B);
  20   2          LCD_data(show);
  21   2        }
  22   1      }


MODULE INFORMATION:   STATIC OVERLAYABLE
   CODE SIZE        =     78    ----
   CONSTANT SIZE    =     58    ----
   XDATA SIZE       =   ----    ----
   PDATA SIZE       =   ----    ----
   DATA SIZE        =   ----      34
   IDATA SIZE       =   ----    ----
   BIT SIZE         =   ----    ----
END OF MODULE INFORMATION.


C51 COMPILATION COMPLETE.  0 WARNING(S),  0 ERROR(S)
